# Querying with the real path in "/etc/GUFI/config"
$ cat "/etc/GUFI/config"
Threads=1
Query=gufi_query
Sqlite3=gufi_sqlite3
Stat=gufi_stat_bin
IndexRoot=search
OutputBuffer=4096

$ gufi_find
prefix
prefix/.hidden
prefix/1KB
prefix/1MB
prefix/directory
prefix/directory/executable
prefix/directory/readonly
prefix/directory/subdirectory
prefix/directory/subdirectory/directory_symlink
prefix/directory/subdirectory/repeat_name
prefix/directory/writable
prefix/empty_directory
prefix/file_symlink
prefix/leaf_directory
prefix/leaf_directory/leaf_file1
prefix/leaf_directory/leaf_file2
prefix/old_file
prefix/repeat_name
prefix/unusual#? directory ,
prefix/unusual#? directory ,/unusual, name?#

$ gufi_ls -aR
prefix
prefix/.hidden
prefix/1KB
prefix/1MB
prefix/directory
prefix/directory/executable
prefix/directory/readonly
prefix/directory/subdirectory
prefix/directory/subdirectory/directory_symlink
prefix/directory/subdirectory/repeat_name
prefix/directory/writable
prefix/empty_directory
prefix/file_symlink
prefix/leaf_directory
prefix/leaf_directory/leaf_file1
prefix/leaf_directory/leaf_file2
prefix/old_file
prefix/repeat_name
prefix/unusual#? directory ,
prefix/unusual#? directory ,/unusual, name?#

# Current set of indexes are placed under common directory "search"
# Expose "search" to users via a symlink
$ ln -s "search" "user_path"

# Allow users to query via consistent "user_path" in the config file
$ cat "/etc/GUFI/config"
Threads=1
Query=gufi_query
Sqlite3=gufi_sqlite3
Stat=gufi_stat_bin
OutputBuffer=4096
IndexRoot=user_path

# Create symlink in "prefix" to "directory"
$ ln -s "directory" "prefix/subsym"

$ gufi_query -S "SELECT rpath(sname, sroll) FROM vrsummary;" "prefix/subsym"
prefix/subsym
prefix/subsym/subdirectory

# "prefix/subsym" does not show up in results querying from above "prefix/subsym"

$ gufi_find
prefix
prefix/.hidden
prefix/1KB
prefix/1MB
prefix/directory
prefix/directory/executable
prefix/directory/readonly
prefix/directory/subdirectory
prefix/directory/subdirectory/directory_symlink
prefix/directory/subdirectory/repeat_name
prefix/directory/writable
prefix/empty_directory
prefix/file_symlink
prefix/leaf_directory
prefix/leaf_directory/leaf_file1
prefix/leaf_directory/leaf_file2
prefix/old_file
prefix/repeat_name
prefix/unusual#? directory ,
prefix/unusual#? directory ,/unusual, name?#

$ gufi_ls -aR
prefix
prefix/.hidden
prefix/1KB
prefix/1MB
prefix/directory
prefix/directory/executable
prefix/directory/readonly
prefix/directory/subdirectory
prefix/directory/subdirectory/directory_symlink
prefix/directory/subdirectory/repeat_name
prefix/directory/writable
prefix/empty_directory
prefix/file_symlink
prefix/leaf_directory
prefix/leaf_directory/leaf_file1
prefix/leaf_directory/leaf_file2
prefix/old_file
prefix/repeat_name
prefix/unusual#? directory ,
prefix/unusual#? directory ,/unusual, name?#

$ gufi_query -S "SELECT rpath(sname, sroll) FROM vrsummary;" "user_path"
user_path/prefix
user_path/prefix/directory
user_path/prefix/directory/subdirectory
user_path/prefix/empty_directory
user_path/prefix/leaf_directory
user_path/prefix/unusual#? directory ,

# Create a "new" index at "search2"
$ cp -R "search" "search2"

# Change "search2" to distinguish it from "search"
$ rm -r "search2/prefix/directory" "search2/prefix/leaf_directory"

# Pivot to new set of indexes without changing the path that users see
$ ln -snf "search2" "user_path"

$ gufi_find
prefix
prefix/.hidden
prefix/1KB
prefix/1MB
prefix/empty_directory
prefix/file_symlink
prefix/old_file
prefix/repeat_name
prefix/unusual#? directory ,
prefix/unusual#? directory ,/unusual, name?#

$ gufi_ls -aR
prefix
prefix/.hidden
prefix/1KB
prefix/1MB
prefix/empty_directory
prefix/file_symlink
prefix/old_file
prefix/repeat_name
prefix/unusual#? directory ,
prefix/unusual#? directory ,/unusual, name?#

$ gufi_query -S "SELECT rpath(sname, sroll) FROM vrsummary;" "user_path"
user_path/prefix
user_path/prefix/empty_directory
user_path/prefix/unusual#? directory ,

