$ generateuidsummary "prefix" 2
create uid summary records in summary tables in prefix

$ gufi_query -d " " -S "SELECT path(), level(), totfiles, totlinks, '[', uid, minuid, maxuid, mingid, maxgid, ']', minsize, maxsize, totltk, totmtk, totltm, totmtm, totmtg, totmtt, totsize, minmtime, maxmtime, minatime, maxatime, totxattr, 0, 0, minossint1, maxossint1, totossint1, minossint2, maxossint2, totossint2, minossint3, maxossint3, totossint3, minossint4, maxossint4, totossint4, rectype FROM summary WHERE rectype == 1;" "prefix"
prefix 0 5 1 1001 1001 1001 1001 1001 0 1048576 4 1 5 0 0 0 1049624 0 1048576 0 1048576 1 0 0 0 0 0 0 0 0 0 0 0 0 0 0 1
prefix/directory 1 3 0 1001 1001 1001 1001 1001 1 3 3 0 3 0 0 0 6 1 3 1 3 0 0 0 0 0 0 0 0 0 0 0 0 0 0 0 1
prefix/directory/subdirectory 2 1 1 1001 1001 1001 1001 1001 5 5 1 0 1 0 0 0 5 4 5 4 5 0 0 0 0 0 0 0 0 0 0 0 0 0 0 0 1
prefix/leaf_directory 1 2 0 1001 1001 1001 1001 1001 11 12 2 0 2 0 0 0 23 11 12 11 12 6 0 0 0 0 0 0 0 0 0 0 0 0 0 0 1
prefix/unusual#? directory , 1 1 0 1001 1001 1001 1001 1001 15 15 1 0 1 0 0 0 15 15 15 15 15 0 0 0 0 0 0 0 0 0 0 0 0 0 0 0 1

$ gufi_query -d " " -S "SELECT path(), level(), totfiles, totlinks, '[', uid, minuid, maxuid, mingid, maxgid, ']', minsize, maxsize, totltk, totmtk, totltm, totmtm, totmtg, totmtt, totsize, minmtime, maxmtime, minatime, maxatime, totxattr, 0, 0, minossint1, maxossint1, totossint1, minossint2, maxossint2, totossint2, minossint3, maxossint3, totossint3, minossint4, maxossint4, totossint4, rectype FROM vsummaryuser;" "prefix"
prefix 0 5 1 1001 1001 1001 1001 1001 0 1048576 4 1 5 0 0 0 1049624 0 1048576 0 1048576 1 0 0 0 0 0 0 0 0 0 0 0 0 0 0 1
prefix/directory 1 3 0 1001 1001 1001 1001 1001 1 3 3 0 3 0 0 0 6 1 3 1 3 0 0 0 0 0 0 0 0 0 0 0 0 0 0 0 1
prefix/directory/subdirectory 2 1 1 1001 1001 1001 1001 1001 5 5 1 0 1 0 0 0 5 4 5 4 5 0 0 0 0 0 0 0 0 0 0 0 0 0 0 0 1
prefix/leaf_directory 1 2 0 1001 1001 1001 1001 1001 11 12 2 0 2 0 0 0 23 11 12 11 12 6 0 0 0 0 0 0 0 0 0 0 0 0 0 0 1
prefix/unusual#? directory , 1 1 0 1001 1001 1001 1001 1001 15 15 1 0 1 0 0 0 15 15 15 15 15 0 0 0 0 0 0 0 0 0 0 0 0 0 0 0 1

$ genuidsummaryavoidentriesscan "prefix" 2
create uid summary records in summary tables in prefix

$ gufi_query -d " " -S "SELECT path(), level(), totfiles, totlinks, '[', uid, minuid, maxuid, mingid, maxgid, ']', minsize, maxsize, totltk, totmtk, totltm, totmtm, totmtg, totmtt, totsize, minmtime, maxmtime, minatime, maxatime, totxattr, 0, 0, minossint1, maxossint1, totossint1, minossint2, maxossint2, totossint2, minossint3, maxossint3, totossint3, minossint4, maxossint4, totossint4, rectype FROM summary WHERE rectype == 1;" "prefix"
prefix 0 5 1 1001 1001 1001 1001 1001 0 1048576 4 1 5 0 0 0 1049624 0 1048576 0 1048576 1 0 0 0 0 0 0 0 0 0 0 0 0 0 0 1
prefix/directory 1 3 0 1001 1001 1001 1001 1001 1 3 3 0 3 0 0 0 6 1 3 1 3 0 0 0 0 0 0 0 0 0 0 0 0 0 0 0 1
prefix/directory/subdirectory 2 1 1 1001 1001 1001 1001 1001 5 5 1 0 1 0 0 0 5 4 5 4 5 0 0 0 0 0 0 0 0 0 0 0 0 0 0 0 1
prefix/leaf_directory 1 2 0 1001 1001 1001 1001 1001 11 12 2 0 2 0 0 0 23 11 12 11 12 6 0 0 0 0 0 0 0 0 0 0 0 0 0 0 1
prefix/unusual#? directory , 1 1 0 1001 1001 1001 1001 1001 15 15 1 0 1 0 0 0 15 15 15 15 15 0 0 0 0 0 0 0 0 0 0 0 0 0 0 0 1

$ gufi_query -d " " -S "SELECT path(), level(), totfiles, totlinks, '[', uid, minuid, maxuid, mingid, maxgid, ']', minsize, maxsize, totltk, totmtk, totltm, totmtm, totmtg, totmtt, totsize, minmtime, maxmtime, minatime, maxatime, totxattr, 0, 0, minossint1, maxossint1, totossint1, minossint2, maxossint2, totossint2, minossint3, maxossint3, totossint3, minossint4, maxossint4, totossint4, rectype FROM vsummaryuser;" "prefix"
prefix 0 5 1 1001 1001 1001 1001 1001 0 1048576 4 1 5 0 0 0 1049624 0 1048576 0 1048576 1 0 0 0 0 0 0 0 0 0 0 0 0 0 0 1
prefix/directory 1 3 0 1001 1001 1001 1001 1001 1 3 3 0 3 0 0 0 6 1 3 1 3 0 0 0 0 0 0 0 0 0 0 0 0 0 0 0 1
prefix/directory/subdirectory 2 1 1 1001 1001 1001 1001 1001 5 5 1 0 1 0 0 0 5 4 5 4 5 0 0 0 0 0 0 0 0 0 0 0 0 0 0 0 1
prefix/leaf_directory 1 2 0 1001 1001 1001 1001 1001 11 12 2 0 2 0 0 0 23 11 12 11 12 6 0 0 0 0 0 0 0 0 0 0 0 0 0 0 1
prefix/unusual#? directory , 1 1 0 1001 1001 1001 1001 1001 15 15 1 0 1 0 0 0 15 15 15 15 15 0 0 0 0 0 0 0 0 0 0 0 0 0 0 0 1

$ diff <(echo "${expected}") <(echo "${results}")

