# Use gufi_query to generate per-thread result database files
$ gufi_query -n 2 -O "outdb" -I "CREATE TABLE out(name TEXT, size INT64)" -E "INSERT INTO out SELECT rpath(sname, sroll) || '/' || name, size FROM vrpentries WHERE (type=='f');" "prefix"

# Query all per-thread result databse files at once
$ querydbs -d '|' --verbose "out" "SELECT name, size FROM vout ORDER BY size ASC, name ASC" outdb.*
(
    echo "ATTACH 'outdb.0' AS querydbs_prefix0;"
    echo "ATTACH 'outdb.1' AS querydbs_prefix1;"
    echo "CREATE TEMP VIEW vout AS SELECT * FROM querydbs_prefix0.out UNION ALL SELECT * FROM querydbs_prefix1.out;"
    echo "SELECT name, size FROM vout ORDER BY size ASC, name ASC"
) gufi_sqlite3 -d "|"
old_file|0
directory/executable|1
directory/readonly|2
directory/writable|3
directory/subdirectory/repeat_name|5
.hidden|10
leaf_directory/leaf_file1|11
leaf_directory/leaf_file2|12
repeat_name|14
unusual#? directory ,/unusual, name?#|15
1KB|1024
1MB|1048576

# Bad Query
$ querydbs -d '|' "out" "Bad Query" outdb.*
Error: SQL error: near "Bad": syntax error

# Attach maximum number of database files
$ querydbs -d '|' "out" "SELECT name, size FROM vout ORDER BY size ASC, name ASC" outdb.* outdb.* outdb.* outdb.* outdb.* outdb.* outdb.* outdb.* outdb.* outdb.* outdb.* outdb.* outdb.* outdb.* outdb.* outdb.* outdb.* outdb.* outdb.* outdb.* outdb.* outdb.* outdb.* outdb.* outdb.* outdb.* outdb.* outdb.* outdb.* outdb.* outdb.* outdb.* outdb.* outdb.* outdb.* outdb.* outdb.* outdb.* outdb.* outdb.* outdb.* outdb.* outdb.* outdb.* outdb.* outdb.* outdb.* outdb.* outdb.* outdb.* outdb.* outdb.* outdb.* outdb.* outdb.* outdb.* outdb.* outdb.* outdb.* outdb.* outdb.* outdb.* outdb.* outdb.* outdb.* outdb.* outdb.* outdb.* outdb.* outdb.* outdb.* outdb.* outdb.* outdb.* outdb.* outdb.* outdb.* outdb.* outdb.* outdb.* outdb.* outdb.* outdb.* outdb.* outdb.* outdb.* outdb.* outdb.* outdb.* outdb.* outdb.* outdb.* outdb.* outdb.* outdb.* outdb.* outdb.* outdb.* outdb.* outdb.* outdb.* outdb.* outdb.* outdb.* outdb.* outdb.* outdb.* outdb.* outdb.* outdb.* outdb.* outdb.* outdb.* outdb.* outdb.* outdb.* outdb.* outdb.* outdb.* outdb.* outdb.* outdb.* outdb.* outdb.* outdb.* outdb.* outdb.* | wc -l
1524

# Attach too many database files
$ querydbs -d '|' "out" "SELECT name, size FROM vout ORDER BY size ASC, name ASC" outdb.* outdb.* outdb.* outdb.* outdb.* outdb.* outdb.* outdb.* outdb.* outdb.* outdb.* outdb.* outdb.* outdb.* outdb.* outdb.* outdb.* outdb.* outdb.* outdb.* outdb.* outdb.* outdb.* outdb.* outdb.* outdb.* outdb.* outdb.* outdb.* outdb.* outdb.* outdb.* outdb.* outdb.* outdb.* outdb.* outdb.* outdb.* outdb.* outdb.* outdb.* outdb.* outdb.* outdb.* outdb.* outdb.* outdb.* outdb.* outdb.* outdb.* outdb.* outdb.* outdb.* outdb.* outdb.* outdb.* outdb.* outdb.* outdb.* outdb.* outdb.* outdb.* outdb.* outdb.* outdb.* outdb.* outdb.* outdb.* outdb.* outdb.* outdb.* outdb.* outdb.* outdb.* outdb.* outdb.* outdb.* outdb.* outdb.* outdb.* outdb.* outdb.* outdb.* outdb.* outdb.* outdb.* outdb.* outdb.* outdb.* outdb.* outdb.* outdb.* outdb.* outdb.* outdb.* outdb.* outdb.* outdb.* outdb.* outdb.* outdb.* outdb.* outdb.* outdb.* outdb.* outdb.* outdb.* outdb.* outdb.* outdb.* outdb.* outdb.* outdb.* outdb.* outdb.* outdb.* outdb.* outdb.* outdb.* outdb.* outdb.* outdb.* outdb.* outdb.* outdb.* outdb.* outdb.*  outdb.*
Error: SQL error: too many attached databases - max 254

