# verifytrace help
$ verifytrace
Syntax: verifytrace delim [trace ...]

# generate the tree
$ generatetree "prefix"

# generate the trace (multiple threads)
$ gufi_dir2trace -d "|" -n 2 "prefix" "trace"
Creating GUFI Traces trace with 2 threads
Total Dirs:          6
Total Files:         14

# generate the trace (single thread)
$ gufi_dir2trace -d "|" -n 1 "prefix" "trace"
Creating GUFI Traces trace with 1 threads
Total Dirs:          6
Total Files:         14

# not enough arguments
$ verifytrace
Syntax: verifytrace delim [trace ...]

# valid trace
$ verifytrace "|" "trace"
trace: Pass

# missing trace
$ verifytrace "|" "badtrace"
Could not open badtrace

# directory empty lines before
$ verifytrace "|" trace.copy
trace.copy: Pass

# directory can't find delimiter
$ verifytrace "&" trace
trace: Error: Stanza missing first delimiter: prefix|d|0|0|0|0|0|0|0|0|0|0|0|||0|0|0|0|0|||0|
Fail

# directory too few columns
$ verifytrace "|" "badtrace"
badtrace: Error: Not enough columns: f|0|0|0|0|0|0|0|0|0|0|0|||0|0|0|0|0|||0|
Fail

# directory too many columns
$ verifytrace "|" "trace.copy"
trace.copy: Warning: Too many columns: prefix|d|0|0|0|0|0|0|0|0|0|0|0|||0|0|0|0|0|||0||
Pass

# trace starts with a non-directory
$ verifytrace "|" badtrace
badtrace: Error: Expected a directory: file|f|0|0|0|0|0|0|0|0|0|0|0|||0|0|0|0|0|||0|
Fail

# directory extra slashes after name
$ verifytrace "|" trace.copy
trace.copy: Pass

# directory bad pinode
$ verifytrace "|" "badtrace"
badtrace: Error: Bad parent pinode: prefix|d|0|0|0|0|0|0|0|0|0|0|0|||0|0|0|0|0|||bad_pinode|
Fail

# directory duplicate path
$ verifytrace "|" "badtrace"
badtrace: Error: Path reappears in trace: prefix
Fail

# non-directorys empty lines after
$ verifytrace "|" trace.copy
trace.copy: Pass

# non-directory can't find delimiter
$ verifytrace "|" badtrace
badtrace: Error: Entry missing delimiter: prefix/.hidden&f&0&0&0&0&0&0&0&0&0&0&0&&&0&0&0&0&0&&&0&
Fail

# non-directory too few columns
$ verifytrace "|" badtrace
badtrace: Error: Not enough columns: prefix/.hidden|f|0|0|0|0|0|0|0|0|0|0|0|||0|0|0|0|0|||0
Fail

# non-directory too many columns
$ verifytrace "|" badtrace
badtrace: Warning: Too many columns: prefix/.hidden|f|0|0|0|0|0|0|0|0|0|0|0|||0|0|0|0|0|||0||
Pass

# directory followed by non-directory not in directory
$ verifytrace "|" "badtrace"
badtrace: Error: Bad child: prefix/non-existant_dir/file|f|0|0|0|0|0|0|0|0|0|0|0|||0|0|0|0|0|||0|
Fail

# non-directory bad pinode
$ verifytrace "|" "badtrace"
badtrace: Error: Bad child pinode: prefix/.hidden|f|0|0|0|0|0|0|0|0|0|0|0|||0|0|0|0|0|||1234|
Fail

# missing parent
$ verifytrace "|" "badtrace"
badtrace: Parent path of "prefix/non-existant_dir/non-existant_subdir" missing.
1 directories either missing or mismatched
Fail

# bad parent pinode
prefix|d|0|0|0|0|0|0|0|0|0|0|0|||0|0|0|0|0|||0|
prefix/directory|d|0|0|0|0|0|0|0|0|0|0|0|||0|0|0|0|0|||1234|
$ verifytrace "|" "badtrace"
badtrace: Parent inode does not match directory's pinode: "prefix/directory"
1 directories either missing or mismatched
Fail

